annotation: MyAnnotation
class: Container
class: Point
class: Server
const: MAX_RETRIES
const: VERSION
definition.class: Container
definition.class: Point
definition.class: Server
definition.enum: Color
definition.method: distance
definition.method: greet
definition.method: initialize
definition.module: Enumerable
definition.module_def: Chiasmus
definition.type: PInt32
enum: Color
field: @@instances
field: @host
field: @port
field: @x
field: @y
interface: Chiasmus
macro: define_getter
method: Container.each
method: Point.distance
method: Server.accept_connections
method: Server.handle_client
method: Server.initialize
method: Server.start
method: greet
params: other : Point
params: name : String
params: @host : String, @port : Int32
reference.call: accept_connections
reference.call: greet
reference.call: info
reference.call: loop
reference.call: sqrt
reference.call: x
reference.call: y
reference.call_op: **
reference.call_op: +
reference.call_op: -
reference.call_sel: accept_connections
reference.call_sel: info
reference.call_sel: sqrt
reference.call_sel: x
reference.call_sel: y
return_type: Float64
return_type: String
type: PInt32