class: MyClass
class: SomeClass
definition.import: require
definition.module: SomeModule
definition.module: SubSubSubTest
definition.module: Test
interface: SomeModule
interface: SubSubSubTest
interface: Test
method: MyClass.in_eigenclass
method: MyClass.in_reopened_eigenclass
method: MyClass.optional_param
method: MyClass.simple
method: MyClass.splatted_args
method: MyClass.unparenthesized
method: SomeClass.empty_parens
method: SomeClass.initialize
method: SomeModule.omitted_parens
reference.call: alias_method
reference.call: extend
reference.call: in_reopened_eigenclass
reference.call: include
reference.call: new
reference.call: not_so_simple
reference.call: omitted_parens
reference.call: optional_param
reference.call: require
reference.call: simple
reference.call: splatted_args