class: Pattern1a
class: Pattern1b
definition.constructor: constructor
definition.import: ./side-effects-only-1.js
definition.import: named1
definition.import: named2
definition.import: named3
definition.import: named4
definition.import: npm-lib-1
definition.import: npm-lib-2
definition.import: path/to/file/1
definition.import: path/to/file/2
function: f
function: pattern2
function: pattern4b
function: pattern5b
method: Pattern1a.constructor
method: Pattern1a.pattern0
reference.call: pattern8
reference.call: require
reference.class: Pattern10