class: AbstractClass
class: AbstractClass2
class: AbstractClass3
class: AbstractClass4
class: Foo
class: Foo2
class: Foo3
definition.constructor: constructor
definition.import: ./side-effects-only-1.ts
definition.import: NamedType1
definition.import: NamedType2
definition.import: named1
definition.import: named2
definition.import: named3
definition.import: named4
definition.import: named5
definition.import: npm-lib-1
definition.import: npm-lib-2
definition.import: npm-lib-4
definition.import: path/to/file/1
definition.import: path/to/file/2
definition.import: path/to/file/3
definition.import: path/to/file/4
definition.module: NamespaceFoo
definition.module: NamespaceFoo2
definition.module: NamespaceFoo3
definition.module: NamespaceFoo4
definition.namespace: module
function: f
function: f3
interface: Interface
interface: Interface2
interface: Interface3
interface: Interface4
method: Foo.constructor
method: Foo.methodSignature
type: FooString
type: FooString2
type: FooString3
type: FooString4